Release 14.7 - xst P.20131013 (nt64)
Copyright (c) 1995-2013 Xilinx, Inc.  All rights reserved.
--> Parameter TMPDIR set to xst/projnav.tmp


Total REAL time to Xst completion: 0.00 secs
Total CPU time to Xst completion: 0.22 secs
 
--> Parameter xsthdpdir set to xst


Total REAL time to Xst completion: 0.00 secs
Total CPU time to Xst completion: 0.22 secs
 
--> Reading design: Main.prj

TABLE OF CONTENTS
  1) Synthesis Options Summary
  2) HDL Compilation
  3) Design Hierarchy Analysis
  4) HDL Analysis
  5) HDL Synthesis
     5.1) HDL Synthesis Report
  6) Advanced HDL Synthesis
     6.1) Advanced HDL Synthesis Report
  7) Low Level Synthesis
  8) Partition Report
  9) Final Report
	9.1) Device utilization summary
	9.2) Partition Resource Summary
	9.3) TIMING REPORT


=========================================================================
*                      Synthesis Options Summary                        *
=========================================================================
---- Source Parameters
Input File Name                    : "Main.prj"
Input Format                       : mixed
Ignore Synthesis Constraint File   : NO

---- Target Parameters
Output File Name                   : "Main"
Output Format                      : NGC
Target Device                      : xc3s500e-4-fg320

---- Source Options
Top Module Name                    : Main
Automatic FSM Extraction           : YES
FSM Encoding Algorithm             : Auto
Safe Implementation                : No
FSM Style                          : LUT
RAM Extraction                     : Yes
RAM Style                          : Auto
ROM Extraction                     : Yes
Mux Style                          : Auto
Decoder Extraction                 : YES
Priority Encoder Extraction        : Yes
Shift Register Extraction          : YES
Logical Shifter Extraction         : YES
XOR Collapsing                     : YES
ROM Style                          : Auto
Mux Extraction                     : Yes
Resource Sharing                   : YES
Asynchronous To Synchronous        : NO
Multiplier Style                   : Auto
Automatic Register Balancing       : No

---- Target Options
Add IO Buffers                     : YES
Global Maximum Fanout              : 100000
Add Generic Clock Buffer(BUFG)     : 24
Register Duplication               : YES
Slice Packing                      : YES
Optimize Instantiated Primitives   : NO
Use Clock Enable                   : Yes
Use Synchronous Set                : Yes
Use Synchronous Reset              : Yes
Pack IO Registers into IOBs        : Auto
Equivalent register Removal        : YES

---- General Options
Optimization Goal                  : Speed
Optimization Effort                : 1
Keep Hierarchy                     : No
Netlist Hierarchy                  : As_Optimized
RTL Output                         : Yes
Global Optimization                : AllClockNets
Read Cores                         : YES
Write Timing Constraints           : NO
Cross Clock Analysis               : NO
Hierarchy Separator                : /
Bus Delimiter                      : <>
Case Specifier                     : Maintain
Slice Utilization Ratio            : 100
BRAM Utilization Ratio             : 100
Verilog 2001                       : YES
Auto BRAM Packing                  : NO
Slice Utilization Ratio Delta      : 5

=========================================================================


=========================================================================
*                          HDL Compilation                              *
=========================================================================
Compiling vhdl file "C:/Users/U/Documents/UNIVERSIDAD/Semestre 9/Arquitectura de procesadores/ProyectoFinalArquitecturaProcesadores/UnitControl.vhd" in Library work.
Entity <unitcontrol> compiled.
Entity <unitcontrol> (Architecture <behavioral>) compiled.
Compiling vhdl file "C:/Users/U/Documents/UNIVERSIDAD/Semestre 9/Arquitectura de procesadores/ProyectoFinalArquitecturaProcesadores/PC.vhd" in Library work.
Architecture behavioral of Entity pc is up to date.
Compiling vhdl file "C:/Users/U/Documents/UNIVERSIDAD/Semestre 9/Arquitectura de procesadores/ProyectoFinalArquitecturaProcesadores/MAR.vhd" in Library work.
Architecture behavioral of Entity mar is up to date.
Compiling vhdl file "C:/Users/U/Documents/UNIVERSIDAD/Semestre 9/Arquitectura de procesadores/ProyectoFinalArquitecturaProcesadores/MBR.vhd" in Library work.
Architecture behavioral of Entity mbr is up to date.
Compiling vhdl file "C:/Users/U/Documents/UNIVERSIDAD/Semestre 9/Arquitectura de procesadores/ProyectoFinalArquitecturaProcesadores/IR.vhd" in Library work.
Architecture behavioral of Entity ir is up to date.
Compiling vhdl file "C:/Users/U/Documents/UNIVERSIDAD/Semestre 9/Arquitectura de procesadores/ProyectoFinalArquitecturaProcesadores/Main.vhd" in Library work.
Architecture behavioral of Entity main is up to date.

=========================================================================
*                     Design Hierarchy Analysis                         *
=========================================================================
Analyzing hierarchy for entity <Main> in library <work> (architecture <behavioral>).

Analyzing hierarchy for entity <UnitControl> in library <work> (architecture <behavioral>).

Analyzing hierarchy for entity <PC> in library <work> (architecture <behavioral>).

Analyzing hierarchy for entity <MAR> in library <work> (architecture <behavioral>).

Analyzing hierarchy for entity <MBR> in library <work> (architecture <behavioral>).

Analyzing hierarchy for entity <IR> in library <work> (architecture <behavioral>).


=========================================================================
*                            HDL Analysis                               *
=========================================================================
Analyzing Entity <Main> in library <work> (Architecture <behavioral>).
Entity <Main> analyzed. Unit <Main> generated.

Analyzing Entity <UnitControl> in library <work> (Architecture <behavioral>).
Entity <UnitControl> analyzed. Unit <UnitControl> generated.

Analyzing Entity <PC> in library <work> (Architecture <behavioral>).
Entity <PC> analyzed. Unit <PC> generated.

Analyzing Entity <MAR> in library <work> (Architecture <behavioral>).
Entity <MAR> analyzed. Unit <MAR> generated.

Analyzing Entity <MBR> in library <work> (Architecture <behavioral>).
Entity <MBR> analyzed. Unit <MBR> generated.

Analyzing Entity <IR> in library <work> (Architecture <behavioral>).
Entity <IR> analyzed. Unit <IR> generated.


=========================================================================
*                           HDL Synthesis                               *
=========================================================================

Performing bidirectional port resolution...
INFO:Xst:2679 - Register <next_state> in unit <UnitControl> has a constant value of 0 during circuit operation. The register is replaced by logic.

Synthesizing Unit <UnitControl>.
    Related source file is "C:/Users/U/Documents/UNIVERSIDAD/Semestre 9/Arquitectura de procesadores/ProyectoFinalArquitecturaProcesadores/UnitControl.vhd".
WARNING:Xst:1305 - Output <outcontrol> is never assigned. Tied to value 00.
    Found 8-bit register for signal <incontrol>.
    Found 32-bit up counter for signal <counter>.
    Found 32-bit comparator greater for signal <incontrol$cmp_gt0000> created at line 81.
    Found 1-bit register for signal <present_state<0>>.
    Summary:
	inferred   1 Counter(s).
	inferred   9 D-type flip-flop(s).
	inferred   1 Comparator(s).
Unit <UnitControl> synthesized.


Synthesizing Unit <PC>.
    Related source file is "C:/Users/U/Documents/UNIVERSIDAD/Semestre 9/Arquitectura de procesadores/ProyectoFinalArquitecturaProcesadores/PC.vhd".
    Found 16-bit register for signal <registro>.
    Found 16-bit adder for signal <registro$addsub0000> created at line 52.
    Found 16-bit 4-to-1 multiplexer for signal <registro$mux0000> created at line 48.
    Summary:
	inferred  16 D-type flip-flop(s).
	inferred   1 Adder/Subtractor(s).
	inferred  16 Multiplexer(s).
Unit <PC> synthesized.


Synthesizing Unit <MAR>.
    Related source file is "C:/Users/U/Documents/UNIVERSIDAD/Semestre 9/Arquitectura de procesadores/ProyectoFinalArquitecturaProcesadores/MAR.vhd".
    Found 16-bit register for signal <registro>.
    Summary:
	inferred  16 D-type flip-flop(s).
Unit <MAR> synthesized.


Synthesizing Unit <MBR>.
    Related source file is "C:/Users/U/Documents/UNIVERSIDAD/Semestre 9/Arquitectura de procesadores/ProyectoFinalArquitecturaProcesadores/MBR.vhd".
    Found 16-bit register for signal <registro>.
    Summary:
	inferred  16 D-type flip-flop(s).
Unit <MBR> synthesized.


Synthesizing Unit <IR>.
    Related source file is "C:/Users/U/Documents/UNIVERSIDAD/Semestre 9/Arquitectura de procesadores/ProyectoFinalArquitecturaProcesadores/IR.vhd".
    Found 16-bit register for signal <registro>.
    Summary:
	inferred  16 D-type flip-flop(s).
Unit <IR> synthesized.


Synthesizing Unit <Main>.
    Related source file is "C:/Users/U/Documents/UNIVERSIDAD/Semestre 9/Arquitectura de procesadores/ProyectoFinalArquitecturaProcesadores/Main.vhd".
WARNING:Xst:646 - Signal <outcontrol> is assigned but never used. This unconnected signal will be trimmed during the optimization process.
WARNING:Xst:737 - Found 16-bit latch for signal <edata>. Latches may be generated from incomplete case or if statements. We do not recommend the use of latches in FPGA/CPLD designs, as they may lead to timing problems.
Unit <Main> synthesized.


=========================================================================
HDL Synthesis Report

Macro Statistics
# Adders/Subtractors                                   : 1
 16-bit adder                                          : 1
# Counters                                             : 1
 32-bit up counter                                     : 1
# Registers                                            : 6
 1-bit register                                        : 1
 16-bit register                                       : 4
 8-bit register                                        : 1
# Latches                                              : 1
 16-bit latch                                          : 1
# Comparators                                          : 1
 32-bit comparator greater                             : 1
# Multiplexers                                         : 1
 16-bit 4-to-1 multiplexer                             : 1

=========================================================================

=========================================================================
*                       Advanced HDL Synthesis                          *
=========================================================================

WARNING:Xst:1290 - Hierarchical block <G1> is unconnected in block <Main>.
   It will be removed from the design.
WARNING:Xst:1290 - Hierarchical block <G2> is unconnected in block <Main>.
   It will be removed from the design.
WARNING:Xst:1290 - Hierarchical block <G3> is unconnected in block <Main>.
   It will be removed from the design.
WARNING:Xst:1290 - Hierarchical block <G4> is unconnected in block <Main>.
   It will be removed from the design.
WARNING:Xst:1290 - Hierarchical block <G5> is unconnected in block <Main>.
   It will be removed from the design.

=========================================================================
Advanced HDL Synthesis Report

Macro Statistics
# Adders/Subtractors                                   : 1
 16-bit adder                                          : 1
# Counters                                             : 1
 32-bit up counter                                     : 1
# Registers                                            : 73
 Flip-Flops                                            : 73
# Latches                                              : 1
 16-bit latch                                          : 1
# Comparators                                          : 1
 32-bit comparator greater                             : 1
# Multiplexers                                         : 1
 16-bit 4-to-1 multiplexer                             : 1

=========================================================================

=========================================================================
*                         Low Level Synthesis                           *
=========================================================================
WARNING:Xst:1710 - FF/Latch <incontrol_0> (without init value) has a constant value of 0 in block <UnitControl>. This FF/Latch will be trimmed during the optimization process.
WARNING:Xst:1896 - Due to other FF/Latch trimming, FF/Latch <present_state_0> has a constant value of 0 in block <UnitControl>. This FF/Latch will be trimmed during the optimization process.

Optimizing unit <Main> ...

Optimizing unit <UnitControl> ...

Optimizing unit <PC> ...

Optimizing unit <MAR> ...

Optimizing unit <MBR> ...

Optimizing unit <IR> ...
WARNING:Xst:2677 - Node <edata_0> of sequential type is unconnected in block <Main>.
WARNING:Xst:2677 - Node <edata_1> of sequential type is unconnected in block <Main>.
WARNING:Xst:2677 - Node <edata_2> of sequential type is unconnected in block <Main>.
WARNING:Xst:2677 - Node <edata_3> of sequential type is unconnected in block <Main>.
WARNING:Xst:2677 - Node <edata_4> of sequential type is unconnected in block <Main>.
WARNING:Xst:2677 - Node <edata_5> of sequential type is unconnected in block <Main>.
WARNING:Xst:2677 - Node <edata_6> of sequential type is unconnected in block <Main>.
WARNING:Xst:2677 - Node <edata_7> of sequential type is unconnected in block <Main>.
WARNING:Xst:2677 - Node <edata_8> of sequential type is unconnected in block <Main>.
WARNING:Xst:2677 - Node <edata_9> of sequential type is unconnected in block <Main>.
WARNING:Xst:2677 - Node <edata_10> of sequential type is unconnected in block <Main>.
WARNING:Xst:2677 - Node <edata_11> of sequential type is unconnected in block <Main>.
WARNING:Xst:2677 - Node <edata_12> of sequential type is unconnected in block <Main>.
WARNING:Xst:2677 - Node <edata_13> of sequential type is unconnected in block <Main>.
WARNING:Xst:2677 - Node <edata_14> of sequential type is unconnected in block <Main>.
WARNING:Xst:2677 - Node <edata_15> of sequential type is unconnected in block <Main>.
WARNING:Xst:2677 - Node <G1/counter_31> of sequential type is unconnected in block <Main>.
WARNING:Xst:2677 - Node <G1/counter_30> of sequential type is unconnected in block <Main>.
WARNING:Xst:2677 - Node <G1/counter_29> of sequential type is unconnected in block <Main>.
WARNING:Xst:2677 - Node <G1/counter_28> of sequential type is unconnected in block <Main>.
WARNING:Xst:2677 - Node <G1/counter_27> of sequential type is unconnected in block <Main>.
WARNING:Xst:2677 - Node <G1/counter_26> of sequential type is unconnected in block <Main>.
WARNING:Xst:2677 - Node <G1/counter_25> of sequential type is unconnected in block <Main>.
WARNING:Xst:2677 - Node <G1/counter_24> of sequential type is unconnected in block <Main>.
WARNING:Xst:2677 - Node <G1/counter_23> of sequential type is unconnected in block <Main>.
WARNING:Xst:2677 - Node <G1/counter_22> of sequential type is unconnected in block <Main>.
WARNING:Xst:2677 - Node <G1/counter_21> of sequential type is unconnected in block <Main>.
WARNING:Xst:2677 - Node <G1/counter_20> of sequential type is unconnected in block <Main>.
WARNING:Xst:2677 - Node <G1/counter_19> of sequential type is unconnected in block <Main>.
WARNING:Xst:2677 - Node <G1/counter_18> of sequential type is unconnected in block <Main>.
WARNING:Xst:2677 - Node <G1/counter_17> of sequential type is unconnected in block <Main>.
WARNING:Xst:2677 - Node <G1/counter_16> of sequential type is unconnected in block <Main>.
WARNING:Xst:2677 - Node <G1/counter_15> of sequential type is unconnected in block <Main>.
WARNING:Xst:2677 - Node <G1/counter_14> of sequential type is unconnected in block <Main>.
WARNING:Xst:2677 - Node <G1/counter_13> of sequential type is unconnected in block <Main>.
WARNING:Xst:2677 - Node <G1/counter_12> of sequential type is unconnected in block <Main>.
WARNING:Xst:2677 - Node <G1/counter_11> of sequential type is unconnected in block <Main>.
WARNING:Xst:2677 - Node <G1/counter_10> of sequential type is unconnected in block <Main>.
WARNING:Xst:2677 - Node <G1/counter_9> of sequential type is unconnected in block <Main>.
WARNING:Xst:2677 - Node <G1/counter_8> of sequential type is unconnected in block <Main>.
WARNING:Xst:2677 - Node <G1/counter_7> of sequential type is unconnected in block <Main>.
WARNING:Xst:2677 - Node <G1/counter_6> of sequential type is unconnected in block <Main>.
WARNING:Xst:2677 - Node <G1/counter_5> of sequential type is unconnected in block <Main>.
WARNING:Xst:2677 - Node <G1/counter_4> of sequential type is unconnected in block <Main>.
WARNING:Xst:2677 - Node <G1/counter_3> of sequential type is unconnected in block <Main>.
WARNING:Xst:2677 - Node <G1/counter_2> of sequential type is unconnected in block <Main>.
WARNING:Xst:2677 - Node <G1/counter_1> of sequential type is unconnected in block <Main>.
WARNING:Xst:2677 - Node <G1/counter_0> of sequential type is unconnected in block <Main>.
WARNING:Xst:2677 - Node <G1/incontrol_7> of sequential type is unconnected in block <Main>.
WARNING:Xst:2677 - Node <G1/incontrol_6> of sequential type is unconnected in block <Main>.
WARNING:Xst:2677 - Node <G1/incontrol_5> of sequential type is unconnected in block <Main>.
WARNING:Xst:2677 - Node <G1/incontrol_4> of sequential type is unconnected in block <Main>.
WARNING:Xst:2677 - Node <G1/incontrol_3> of sequential type is unconnected in block <Main>.
WARNING:Xst:2677 - Node <G1/incontrol_2> of sequential type is unconnected in block <Main>.
WARNING:Xst:2677 - Node <G1/incontrol_1> of sequential type is unconnected in block <Main>.
WARNING:Xst:2677 - Node <G2/registro_15> of sequential type is unconnected in block <Main>.
WARNING:Xst:2677 - Node <G2/registro_14> of sequential type is unconnected in block <Main>.
WARNING:Xst:2677 - Node <G2/registro_13> of sequential type is unconnected in block <Main>.
WARNING:Xst:2677 - Node <G2/registro_12> of sequential type is unconnected in block <Main>.
WARNING:Xst:2677 - Node <G2/registro_11> of sequential type is unconnected in block <Main>.
WARNING:Xst:2677 - Node <G2/registro_10> of sequential type is unconnected in block <Main>.
WARNING:Xst:2677 - Node <G2/registro_9> of sequential type is unconnected in block <Main>.
WARNING:Xst:2677 - Node <G2/registro_8> of sequential type is unconnected in block <Main>.
WARNING:Xst:2677 - Node <G2/registro_7> of sequential type is unconnected in block <Main>.
WARNING:Xst:2677 - Node <G2/registro_6> of sequential type is unconnected in block <Main>.
WARNING:Xst:2677 - Node <G2/registro_5> of sequential type is unconnected in block <Main>.
WARNING:Xst:2677 - Node <G2/registro_4> of sequential type is unconnected in block <Main>.
WARNING:Xst:2677 - Node <G2/registro_3> of sequential type is unconnected in block <Main>.
WARNING:Xst:2677 - Node <G2/registro_2> of sequential type is unconnected in block <Main>.
WARNING:Xst:2677 - Node <G2/registro_1> of sequential type is unconnected in block <Main>.
WARNING:Xst:2677 - Node <G2/registro_0> of sequential type is unconnected in block <Main>.
WARNING:Xst:2677 - Node <G3/registro_15> of sequential type is unconnected in block <Main>.
WARNING:Xst:2677 - Node <G3/registro_14> of sequential type is unconnected in block <Main>.
WARNING:Xst:2677 - Node <G3/registro_13> of sequential type is unconnected in block <Main>.
WARNING:Xst:2677 - Node <G3/registro_12> of sequential type is unconnected in block <Main>.
WARNING:Xst:2677 - Node <G3/registro_11> of sequential type is unconnected in block <Main>.
WARNING:Xst:2677 - Node <G3/registro_10> of sequential type is unconnected in block <Main>.
WARNING:Xst:2677 - Node <G3/registro_9> of sequential type is unconnected in block <Main>.
WARNING:Xst:2677 - Node <G3/registro_8> of sequential type is unconnected in block <Main>.
WARNING:Xst:2677 - Node <G3/registro_7> of sequential type is unconnected in block <Main>.
WARNING:Xst:2677 - Node <G3/registro_6> of sequential type is unconnected in block <Main>.
WARNING:Xst:2677 - Node <G3/registro_5> of sequential type is unconnected in block <Main>.
WARNING:Xst:2677 - Node <G3/registro_4> of sequential type is unconnected in block <Main>.
WARNING:Xst:2677 - Node <G3/registro_3> of sequential type is unconnected in block <Main>.
WARNING:Xst:2677 - Node <G3/registro_2> of sequential type is unconnected in block <Main>.
WARNING:Xst:2677 - Node <G3/registro_1> of sequential type is unconnected in block <Main>.
WARNING:Xst:2677 - Node <G3/registro_0> of sequential type is unconnected in block <Main>.
WARNING:Xst:2677 - Node <G4/registro_15> of sequential type is unconnected in block <Main>.
WARNING:Xst:2677 - Node <G4/registro_14> of sequential type is unconnected in block <Main>.
WARNING:Xst:2677 - Node <G4/registro_13> of sequential type is unconnected in block <Main>.
WARNING:Xst:2677 - Node <G4/registro_12> of sequential type is unconnected in block <Main>.
WARNING:Xst:2677 - Node <G4/registro_11> of sequential type is unconnected in block <Main>.
WARNING:Xst:2677 - Node <G4/registro_10> of sequential type is unconnected in block <Main>.
WARNING:Xst:2677 - Node <G4/registro_9> of sequential type is unconnected in block <Main>.
WARNING:Xst:2677 - Node <G4/registro_8> of sequential type is unconnected in block <Main>.
WARNING:Xst:2677 - Node <G4/registro_7> of sequential type is unconnected in block <Main>.
WARNING:Xst:2677 - Node <G4/registro_6> of sequential type is unconnected in block <Main>.
WARNING:Xst:2677 - Node <G4/registro_5> of sequential type is unconnected in block <Main>.
WARNING:Xst:2677 - Node <G4/registro_4> of sequential type is unconnected in block <Main>.
WARNING:Xst:2677 - Node <G4/registro_3> of sequential type is unconnected in block <Main>.
WARNING:Xst:2677 - Node <G4/registro_2> of sequential type is unconnected in block <Main>.
WARNING:Xst:2677 - Node <G4/registro_1> of sequential type is unconnected in block <Main>.
WARNING:Xst:2677 - Node <G4/registro_0> of sequential type is unconnected in block <Main>.
WARNING:Xst:2677 - Node <G5/registro_15> of sequential type is unconnected in block <Main>.
WARNING:Xst:2677 - Node <G5/registro_14> of sequential type is unconnected in block <Main>.
WARNING:Xst:2677 - Node <G5/registro_13> of sequential type is unconnected in block <Main>.
WARNING:Xst:2677 - Node <G5/registro_12> of sequential type is unconnected in block <Main>.
WARNING:Xst:2677 - Node <G5/registro_11> of sequential type is unconnected in block <Main>.
WARNING:Xst:2677 - Node <G5/registro_10> of sequential type is unconnected in block <Main>.
WARNING:Xst:2677 - Node <G5/registro_9> of sequential type is unconnected in block <Main>.
WARNING:Xst:2677 - Node <G5/registro_8> of sequential type is unconnected in block <Main>.
WARNING:Xst:2677 - Node <G5/registro_7> of sequential type is unconnected in block <Main>.
WARNING:Xst:2677 - Node <G5/registro_6> of sequential type is unconnected in block <Main>.
WARNING:Xst:2677 - Node <G5/registro_5> of sequential type is unconnected in block <Main>.
WARNING:Xst:2677 - Node <G5/registro_4> of sequential type is unconnected in block <Main>.
WARNING:Xst:2677 - Node <G5/registro_3> of sequential type is unconnected in block <Main>.
WARNING:Xst:2677 - Node <G5/registro_2> of sequential type is unconnected in block <Main>.
WARNING:Xst:2677 - Node <G5/registro_1> of sequential type is unconnected in block <Main>.
WARNING:Xst:2677 - Node <G5/registro_0> of sequential type is unconnected in block <Main>.

Mapping all equations...
Building and optimizing final netlist ...
Found area constraint ratio of 100 (+ 5) on block Main, actual ratio is 0.

Final Macro Processing ...

=========================================================================
Final Register Report

Found no macro
=========================================================================

=========================================================================
*                           Partition Report                            *
=========================================================================

Partition Implementation Status
-------------------------------

  No Partitions were found in this design.

-------------------------------

=========================================================================
*                            Final Report                               *
=========================================================================
Final Results
RTL Top Level Output File Name     : Main.ngr
Top Level Output File Name         : Main
Output Format                      : NGC
Optimization Goal                  : Speed
Keep Hierarchy                     : No

Design Statistics
# IOs                              : 1

Cell Usage :
=========================================================================

Device utilization summary:
---------------------------

Selected Device : 3s500efg320-4 

 Number of Slices:                        0  out of   4656     0%  
 Number of IOs:                           1
 Number of bonded IOBs:                   0  out of    232     0%  

---------------------------
Partition Resource Summary:
---------------------------

  No Partitions were found in this design.

---------------------------


=========================================================================
TIMING REPORT

NOTE: THESE TIMING NUMBERS ARE ONLY A SYNTHESIS ESTIMATE.
      FOR ACCURATE TIMING INFORMATION PLEASE REFER TO THE TRACE REPORT
      GENERATED AFTER PLACE-and-ROUTE.

Clock Information:
------------------
No clock signals found in this design

Asynchronous Control Signals Information:
----------------------------------------
No asynchronous control signals found in this design

Timing Summary:
---------------
Speed Grade: -4

   Minimum period: No path found
   Minimum input arrival time before clock: No path found
   Maximum output required time after clock: No path found
   Maximum combinational path delay: No path found

Timing Detail:
--------------
All values displayed in nanoseconds (ns)

=========================================================================


Total REAL time to Xst completion: 13.00 secs
Total CPU time to Xst completion: 13.46 secs
 
--> 

Total memory usage is 259716 kilobytes

Number of errors   :    0 (   0 filtered)
Number of warnings :  129 (   0 filtered)
Number of infos    :    1 (   0 filtered)

