AR unitcontrol behavioral "C:/Users/U/Documents/UNIVERSIDAD/Semestre 9/Arquitectura de procesadores/ProyectoFinalArquitecturaProcesadores/UnitControl.vhd" sub00/vhpl05 1490012125
AR main behavioral "C:/Users/U/Documents/UNIVERSIDAD/Semestre 9/Arquitectura de procesadores/ProyectoFinalArquitecturaProcesadores/Main.vhd" sub00/vhpl09 1490012137
AR databuscontrol behavioral "C:/Users/U/Documents/UNIVERSIDAD/Semestre 9/Arquitectura de procesadores/ProyectoFinalArquitecturaProcesadores/DataBusControl.vhd" sub00/vhpl13 1489770559
EN mar NULL "C:/Users/U/Documents/UNIVERSIDAD/Semestre 9/Arquitectura de procesadores/ProyectoFinalArquitecturaProcesadores/MAR.vhd" sub00/vhpl00 1490012128
EN mbr NULL "C:/Users/U/Documents/UNIVERSIDAD/Semestre 9/Arquitectura de procesadores/ProyectoFinalArquitecturaProcesadores/MBR.vhd" sub00/vhpl06 1490012130
EN ir NULL "C:/Users/U/Documents/UNIVERSIDAD/Semestre 9/Arquitectura de procesadores/ProyectoFinalArquitecturaProcesadores/IR.vhd" sub00/vhpl10 1490012132
EN pc NULL "C:/Users/U/Documents/UNIVERSIDAD/Semestre 9/Arquitectura de procesadores/ProyectoFinalArquitecturaProcesadores/PC.vhd" sub00/vhpl02 1490012126
EN main NULL "C:/Users/U/Documents/UNIVERSIDAD/Semestre 9/Arquitectura de procesadores/ProyectoFinalArquitecturaProcesadores/Main.vhd" sub00/vhpl08 1490012136
AR ir behavioral "C:/Users/U/Documents/UNIVERSIDAD/Semestre 9/Arquitectura de procesadores/ProyectoFinalArquitecturaProcesadores/IR.vhd" sub00/vhpl11 1490012133
AR ram behavioral "C:/Users/U/Documents/UNIVERSIDAD/Semestre 9/Arquitectura de procesadores/ProyectoFinalArquitecturaProcesadores/RAM.vhd" sub00/vhpl15 1490012135
AR mar behavioral "C:/Users/U/Documents/UNIVERSIDAD/Semestre 9/Arquitectura de procesadores/ProyectoFinalArquitecturaProcesadores/MAR.vhd" sub00/vhpl01 1490012129
EN unitcontrol NULL "C:/Users/U/Documents/UNIVERSIDAD/Semestre 9/Arquitectura de procesadores/ProyectoFinalArquitecturaProcesadores/UnitControl.vhd" sub00/vhpl04 1490012124
EN ram NULL "C:/Users/U/Documents/UNIVERSIDAD/Semestre 9/Arquitectura de procesadores/ProyectoFinalArquitecturaProcesadores/RAM.vhd" sub00/vhpl14 1490012134
AR pc behavioral "C:/Users/U/Documents/UNIVERSIDAD/Semestre 9/Arquitectura de procesadores/ProyectoFinalArquitecturaProcesadores/PC.vhd" sub00/vhpl03 1490012127
AR mbr behavioral "C:/Users/U/Documents/UNIVERSIDAD/Semestre 9/Arquitectura de procesadores/ProyectoFinalArquitecturaProcesadores/MBR.vhd" sub00/vhpl07 1490012131
EN databuscontrol NULL "C:/Users/U/Documents/UNIVERSIDAD/Semestre 9/Arquitectura de procesadores/ProyectoFinalArquitecturaProcesadores/DataBusControl.vhd" sub00/vhpl12 1489770558
