V3 48
FL "C:/Users/U/Documents/UNIVERSIDAD/Semestre 9/Arquitectura de procesadores/Procesador2/ProyectoFinalArquitecturaProcesadores/IR.vhd" 2017/03/17.09:35:07 P.20131013
FL "C:/Users/U/Documents/UNIVERSIDAD/Semestre 9/Arquitectura de procesadores/Procesador2/ProyectoFinalArquitecturaProcesadores/Main.vhd" 2017/03/17.10:49:55 P.20131013
FL "C:/Users/U/Documents/UNIVERSIDAD/Semestre 9/Arquitectura de procesadores/Procesador2/ProyectoFinalArquitecturaProcesadores/MAR.vhd" 2017/03/17.09:29:01 P.20131013
FL "C:/Users/U/Documents/UNIVERSIDAD/Semestre 9/Arquitectura de procesadores/Procesador2/ProyectoFinalArquitecturaProcesadores/MBR.vhd" 2017/03/17.09:28:06 P.20131013
FL "C:/Users/U/Documents/UNIVERSIDAD/Semestre 9/Arquitectura de procesadores/Procesador2/ProyectoFinalArquitecturaProcesadores/PC.vhd" 2017/03/17.09:32:27 P.20131013
FL "C:/Users/U/Documents/UNIVERSIDAD/Semestre 9/Arquitectura de procesadores/Procesador2/ProyectoFinalArquitecturaProcesadores/UnitControl.vhd" 2017/03/17.10:41:40 P.20131013
FL "C:/Users/U/Documents/UNIVERSIDAD/Semestre 9/Arquitectura de procesadores/ProyectoFinalArquitecturaProcesadores/ALU.vhd" 2017/03/20.15:34:08 P.20131013
EN work/ALU 1490039349 \
      FL "C:/Users/U/Documents/UNIVERSIDAD/Semestre 9/Arquitectura de procesadores/ProyectoFinalArquitecturaProcesadores/ALU.vhd" \
      PB ieee/std_logic_1164 1381692176 PB ieee/NUMERIC_STD 1381692181
AR work/ALU/Behavioral 1490039350 \
      FL "C:/Users/U/Documents/UNIVERSIDAD/Semestre 9/Arquitectura de procesadores/ProyectoFinalArquitecturaProcesadores/ALU.vhd" \
      EN work/ALU 1490039349
FL "C:/Users/U/Documents/UNIVERSIDAD/Semestre 9/Arquitectura de procesadores/ProyectoFinalArquitecturaProcesadores/DataBusControl.vhd" 2017/03/17.13:06:28 P.20131013
EN work/DataBusControl 1489770558 \
      FL "C:/Users/U/Documents/UNIVERSIDAD/Semestre 9/Arquitectura de procesadores/ProyectoFinalArquitecturaProcesadores/DataBusControl.vhd" \
      PB ieee/std_logic_1164 1381692176
AR work/DataBusControl/Behavioral 1489770559 \
      FL "C:/Users/U/Documents/UNIVERSIDAD/Semestre 9/Arquitectura de procesadores/ProyectoFinalArquitecturaProcesadores/DataBusControl.vhd" \
      EN work/DataBusControl 1489770558
FL "C:/Users/U/Documents/UNIVERSIDAD/Semestre 9/Arquitectura de procesadores/ProyectoFinalArquitecturaProcesadores/IR.vhd" 2017/03/17.14:45:42 P.20131013
EN work/IR 1490039341 \
      FL "C:/Users/U/Documents/UNIVERSIDAD/Semestre 9/Arquitectura de procesadores/ProyectoFinalArquitecturaProcesadores/IR.vhd" \
      PB ieee/std_logic_1164 1381692176
AR work/IR/Behavioral 1490039342 \
      FL "C:/Users/U/Documents/UNIVERSIDAD/Semestre 9/Arquitectura de procesadores/ProyectoFinalArquitecturaProcesadores/IR.vhd" \
      EN work/IR 1490039341
FL "C:/Users/U/Documents/UNIVERSIDAD/Semestre 9/Arquitectura de procesadores/ProyectoFinalArquitecturaProcesadores/Main.vhd" 2017/03/20.15:38:59 P.20131013
EN work/Main 1490039351 \
      FL "C:/Users/U/Documents/UNIVERSIDAD/Semestre 9/Arquitectura de procesadores/ProyectoFinalArquitecturaProcesadores/Main.vhd" \
      PB ieee/std_logic_1164 1381692176
AR work/Main/Behavioral 1490039352 \
      FL "C:/Users/U/Documents/UNIVERSIDAD/Semestre 9/Arquitectura de procesadores/ProyectoFinalArquitecturaProcesadores/Main.vhd" \
      EN work/Main 1490039351 CP UnitControl CP PC CP MAR CP MBR CP IR CP RAM CP RA \
      CP RB CP ALU
FL "C:/Users/U/Documents/UNIVERSIDAD/Semestre 9/Arquitectura de procesadores/ProyectoFinalArquitecturaProcesadores/MAR.vhd" 2017/03/17.14:36:44 P.20131013
EN work/MAR 1490039337 \
      FL "C:/Users/U/Documents/UNIVERSIDAD/Semestre 9/Arquitectura de procesadores/ProyectoFinalArquitecturaProcesadores/MAR.vhd" \
      PB ieee/std_logic_1164 1381692176 PB ieee/NUMERIC_STD 1381692181
AR work/MAR/Behavioral 1490039338 \
      FL "C:/Users/U/Documents/UNIVERSIDAD/Semestre 9/Arquitectura de procesadores/ProyectoFinalArquitecturaProcesadores/MAR.vhd" \
      EN work/MAR 1490039337
FL "C:/Users/U/Documents/UNIVERSIDAD/Semestre 9/Arquitectura de procesadores/ProyectoFinalArquitecturaProcesadores/MBR.vhd" 2017/03/17.14:45:47 P.20131013
EN work/MBR 1490039339 \
      FL "C:/Users/U/Documents/UNIVERSIDAD/Semestre 9/Arquitectura de procesadores/ProyectoFinalArquitecturaProcesadores/MBR.vhd" \
      PB ieee/std_logic_1164 1381692176
AR work/MBR/Behavioral 1490039340 \
      FL "C:/Users/U/Documents/UNIVERSIDAD/Semestre 9/Arquitectura de procesadores/ProyectoFinalArquitecturaProcesadores/MBR.vhd" \
      EN work/MBR 1490039339
FL "C:/Users/U/Documents/UNIVERSIDAD/Semestre 9/Arquitectura de procesadores/ProyectoFinalArquitecturaProcesadores/PC.vhd" 2017/03/17.14:50:37 P.20131013
EN work/PC 1490039335 \
      FL "C:/Users/U/Documents/UNIVERSIDAD/Semestre 9/Arquitectura de procesadores/ProyectoFinalArquitecturaProcesadores/PC.vhd" \
      PB ieee/std_logic_1164 1381692176 PB ieee/NUMERIC_STD 1381692181
AR work/PC/Behavioral 1490039336 \
      FL "C:/Users/U/Documents/UNIVERSIDAD/Semestre 9/Arquitectura de procesadores/ProyectoFinalArquitecturaProcesadores/PC.vhd" \
      EN work/PC 1490039335
FL "C:/Users/U/Documents/UNIVERSIDAD/Semestre 9/Arquitectura de procesadores/ProyectoFinalArquitecturaProcesadores/RA.vhd" 2017/03/20.11:53:55 P.20131013
EN work/RA 1490039345 \
      FL "C:/Users/U/Documents/UNIVERSIDAD/Semestre 9/Arquitectura de procesadores/ProyectoFinalArquitecturaProcesadores/RA.vhd" \
      PB ieee/std_logic_1164 1381692176
AR work/RA/Behavioral 1490039346 \
      FL "C:/Users/U/Documents/UNIVERSIDAD/Semestre 9/Arquitectura de procesadores/ProyectoFinalArquitecturaProcesadores/RA.vhd" \
      EN work/RA 1490039345
FL "C:/Users/U/Documents/UNIVERSIDAD/Semestre 9/Arquitectura de procesadores/ProyectoFinalArquitecturaProcesadores/RAM.vhd" 2017/03/20.15:48:40 P.20131013
EN work/RAM 1490039343 \
      FL "C:/Users/U/Documents/UNIVERSIDAD/Semestre 9/Arquitectura de procesadores/ProyectoFinalArquitecturaProcesadores/RAM.vhd" \
      PB ieee/std_logic_1164 1381692176 PB ieee/NUMERIC_STD 1381692181
AR work/RAM/Behavioral 1490039344 \
      FL "C:/Users/U/Documents/UNIVERSIDAD/Semestre 9/Arquitectura de procesadores/ProyectoFinalArquitecturaProcesadores/RAM.vhd" \
      EN work/RAM 1490039343
FL "C:/Users/U/Documents/UNIVERSIDAD/Semestre 9/Arquitectura de procesadores/ProyectoFinalArquitecturaProcesadores/RB.vhd" 2017/03/20.12:12:37 P.20131013
EN work/RB 1490039347 \
      FL "C:/Users/U/Documents/UNIVERSIDAD/Semestre 9/Arquitectura de procesadores/ProyectoFinalArquitecturaProcesadores/RB.vhd" \
      PB ieee/std_logic_1164 1381692176
AR work/RB/Behavioral 1490039348 \
      FL "C:/Users/U/Documents/UNIVERSIDAD/Semestre 9/Arquitectura de procesadores/ProyectoFinalArquitecturaProcesadores/RB.vhd" \
      EN work/RB 1490039347
FL "C:/Users/U/Documents/UNIVERSIDAD/Semestre 9/Arquitectura de procesadores/ProyectoFinalArquitecturaProcesadores/UnitControl.vhd" 2017/03/21.15:15:55 P.20131013
EN work/UnitControl 1490123778 \
      FL "C:/Users/U/Documents/UNIVERSIDAD/Semestre 9/Arquitectura de procesadores/ProyectoFinalArquitecturaProcesadores/UnitControl.vhd" \
      PB ieee/std_logic_1164 1381692176
AR work/UnitControl/Behavioral 1490123779 \
      FL "C:/Users/U/Documents/UNIVERSIDAD/Semestre 9/Arquitectura de procesadores/ProyectoFinalArquitecturaProcesadores/UnitControl.vhd" \
      EN work/UnitControl 1490123778
