V3 36
FL "C:/Users/U/Documents/UNIVERSIDAD/Semestre 9/Arquitectura de procesadores/Procesador2/ProyectoFinalArquitecturaProcesadores/IR.vhd" 2017/03/17.09:35:07 P.20131013
FL "C:/Users/U/Documents/UNIVERSIDAD/Semestre 9/Arquitectura de procesadores/Procesador2/ProyectoFinalArquitecturaProcesadores/Main.vhd" 2017/03/17.10:49:55 P.20131013
FL "C:/Users/U/Documents/UNIVERSIDAD/Semestre 9/Arquitectura de procesadores/Procesador2/ProyectoFinalArquitecturaProcesadores/MAR.vhd" 2017/03/17.09:29:01 P.20131013
FL "C:/Users/U/Documents/UNIVERSIDAD/Semestre 9/Arquitectura de procesadores/Procesador2/ProyectoFinalArquitecturaProcesadores/MBR.vhd" 2017/03/17.09:28:06 P.20131013
FL "C:/Users/U/Documents/UNIVERSIDAD/Semestre 9/Arquitectura de procesadores/Procesador2/ProyectoFinalArquitecturaProcesadores/PC.vhd" 2017/03/17.09:32:27 P.20131013
FL "C:/Users/U/Documents/UNIVERSIDAD/Semestre 9/Arquitectura de procesadores/Procesador2/ProyectoFinalArquitecturaProcesadores/UnitControl.vhd" 2017/03/17.10:41:40 P.20131013
FL "C:/Users/U/Documents/UNIVERSIDAD/Semestre 9/Arquitectura de procesadores/ProyectoFinalArquitecturaProcesadores/DataBusControl.vhd" 2017/03/17.13:06:28 P.20131013
EN work/DataBusControl 1489770558 \
      FL "C:/Users/U/Documents/UNIVERSIDAD/Semestre 9/Arquitectura de procesadores/ProyectoFinalArquitecturaProcesadores/DataBusControl.vhd" \
      PB ieee/std_logic_1164 1381692176
AR work/DataBusControl/Behavioral 1489770559 \
      FL "C:/Users/U/Documents/UNIVERSIDAD/Semestre 9/Arquitectura de procesadores/ProyectoFinalArquitecturaProcesadores/DataBusControl.vhd" \
      EN work/DataBusControl 1489770558
FL "C:/Users/U/Documents/UNIVERSIDAD/Semestre 9/Arquitectura de procesadores/ProyectoFinalArquitecturaProcesadores/IR.vhd" 2017/03/17.14:45:42 P.20131013
EN work/IR 1489797433 \
      FL "C:/Users/U/Documents/UNIVERSIDAD/Semestre 9/Arquitectura de procesadores/ProyectoFinalArquitecturaProcesadores/IR.vhd" \
      PB ieee/std_logic_1164 1381692176
AR work/IR/Behavioral 1489797434 \
      FL "C:/Users/U/Documents/UNIVERSIDAD/Semestre 9/Arquitectura de procesadores/ProyectoFinalArquitecturaProcesadores/IR.vhd" \
      EN work/IR 1489797433
FL "C:/Users/U/Documents/UNIVERSIDAD/Semestre 9/Arquitectura de procesadores/ProyectoFinalArquitecturaProcesadores/Main.vhd" 2017/03/17.20:36:59 P.20131013
EN work/Main 1489797437 \
      FL "C:/Users/U/Documents/UNIVERSIDAD/Semestre 9/Arquitectura de procesadores/ProyectoFinalArquitecturaProcesadores/Main.vhd" \
      PB ieee/std_logic_1164 1381692176
AR work/Main/Behavioral 1489797438 \
      FL "C:/Users/U/Documents/UNIVERSIDAD/Semestre 9/Arquitectura de procesadores/ProyectoFinalArquitecturaProcesadores/Main.vhd" \
      EN work/Main 1489797437 CP UnitControl CP PC CP MAR CP MBR CP IR CP RAM
FL "C:/Users/U/Documents/UNIVERSIDAD/Semestre 9/Arquitectura de procesadores/ProyectoFinalArquitecturaProcesadores/MAR.vhd" 2017/03/17.14:36:44 P.20131013
EN work/MAR 1489797429 \
      FL "C:/Users/U/Documents/UNIVERSIDAD/Semestre 9/Arquitectura de procesadores/ProyectoFinalArquitecturaProcesadores/MAR.vhd" \
      PB ieee/std_logic_1164 1381692176 PB ieee/NUMERIC_STD 1381692181
AR work/MAR/Behavioral 1489797430 \
      FL "C:/Users/U/Documents/UNIVERSIDAD/Semestre 9/Arquitectura de procesadores/ProyectoFinalArquitecturaProcesadores/MAR.vhd" \
      EN work/MAR 1489797429
FL "C:/Users/U/Documents/UNIVERSIDAD/Semestre 9/Arquitectura de procesadores/ProyectoFinalArquitecturaProcesadores/MBR.vhd" 2017/03/17.14:45:47 P.20131013
EN work/MBR 1489797431 \
      FL "C:/Users/U/Documents/UNIVERSIDAD/Semestre 9/Arquitectura de procesadores/ProyectoFinalArquitecturaProcesadores/MBR.vhd" \
      PB ieee/std_logic_1164 1381692176
AR work/MBR/Behavioral 1489797432 \
      FL "C:/Users/U/Documents/UNIVERSIDAD/Semestre 9/Arquitectura de procesadores/ProyectoFinalArquitecturaProcesadores/MBR.vhd" \
      EN work/MBR 1489797431
FL "C:/Users/U/Documents/UNIVERSIDAD/Semestre 9/Arquitectura de procesadores/ProyectoFinalArquitecturaProcesadores/PC.vhd" 2017/03/17.14:50:37 P.20131013
EN work/PC 1489797427 \
      FL "C:/Users/U/Documents/UNIVERSIDAD/Semestre 9/Arquitectura de procesadores/ProyectoFinalArquitecturaProcesadores/PC.vhd" \
      PB ieee/std_logic_1164 1381692176 PB ieee/NUMERIC_STD 1381692181
AR work/PC/Behavioral 1489797428 \
      FL "C:/Users/U/Documents/UNIVERSIDAD/Semestre 9/Arquitectura de procesadores/ProyectoFinalArquitecturaProcesadores/PC.vhd" \
      EN work/PC 1489797427
FL "C:/Users/U/Documents/UNIVERSIDAD/Semestre 9/Arquitectura de procesadores/ProyectoFinalArquitecturaProcesadores/RAM.vhd" 2017/03/17.17:54:02 P.20131013
EN work/RAM 1489797435 \
      FL "C:/Users/U/Documents/UNIVERSIDAD/Semestre 9/Arquitectura de procesadores/ProyectoFinalArquitecturaProcesadores/RAM.vhd" \
      PB ieee/std_logic_1164 1381692176 PB ieee/NUMERIC_STD 1381692181
AR work/RAM/Behavioral 1489797436 \
      FL "C:/Users/U/Documents/UNIVERSIDAD/Semestre 9/Arquitectura de procesadores/ProyectoFinalArquitecturaProcesadores/RAM.vhd" \
      EN work/RAM 1489797435
FL "C:/Users/U/Documents/UNIVERSIDAD/Semestre 9/Arquitectura de procesadores/ProyectoFinalArquitecturaProcesadores/UnitControl.vhd" 2017/03/17.21:00:47 P.20131013
EN work/UnitControl 1489798852 \
      FL "C:/Users/U/Documents/UNIVERSIDAD/Semestre 9/Arquitectura de procesadores/ProyectoFinalArquitecturaProcesadores/UnitControl.vhd" \
      PB ieee/std_logic_1164 1381692176
AR work/UnitControl/Behavioral 1489798853 \
      FL "C:/Users/U/Documents/UNIVERSIDAD/Semestre 9/Arquitectura de procesadores/ProyectoFinalArquitecturaProcesadores/UnitControl.vhd" \
      EN work/UnitControl 1489798852
